
> tmpapp@0.0.0 build
> vite build

[36mvite v8.0.3 [32mbuilding client environment for production...[36m[39m
[2K
transforming...Γ£ô 2132 modules transformed.
rendering chunks...
node.exe : [31mΓ£ù[39m 
Build failed in 1.28s
At line:1 char:1
+ & "C:\Program 
Files\nodejs/node.exe" 
"C:\Program 
Files\nodejs/node_mo ...
+ ~~~~~~~~~~~~~~~~~~~~~~~~~~~~
~~~~~~~~~~~~~~~~~~~~~~~~~~~~~~
~~~~~~~~~~~
    + CategoryInfo          : 
    NotSpecified: ([31mΓ£ù  
  [39m Build failed in 1.28   
 s:String) [], RemoteExcep    
tion
    + FullyQualifiedErrorId : 
    NativeCommandError
 
[31merror during build:
[31mBuild failed with 1 
error:

[31m[MISSING_EXPORT] 
Error:[0m "Linkedin" is not 
exported by "node_modules/luci
de-react/dist/esm/lucide-react
.js".
   [38;5;246mΓò¡[0m[38;5;24
6mΓöÇ[0m[38;5;246m[[0m src/
components/Footer.jsx:2:10 
[38;5;246m][0m
   [38;5;246mΓöé[0m
 [38;5;246m2 Γöé[0m [38;5;2
49mi[0m[38;5;249mm[0m[38;5
;249mp[0m[38;5;249mo[0m[38
;5;249mr[0m[38;5;249mt[0m[
38;5;249m [0m[38;5;249m{[0m
[38;5;249m [0mLinkedin[38;5
;249m,[0m[38;5;249m [0m[38
;5;249mS[0m[38;5;249me[0m[
38;5;249mn[0m[38;5;249md[0m
[38;5;249m,[0m[38;5;249m [
0m[38;5;249mM[0m[38;5;249me
[0m[38;5;249ms[0m[38;5;249
ms[0m[38;5;249ma[0m[38;5;2
49mg[0m[38;5;249me[0m[38;5
;249mS[0m[38;5;249mq[0m[38
;5;249mu[0m[38;5;249ma[0m[
38;5;249mr[0m[38;5;249me[0m
[38;5;249m [0m[38;5;249m}[
0m[38;5;249m [0m[38;5;249mf
[0m[38;5;249mr[0m[38;5;249
mo[0m[38;5;249mm[0m[38;5;2
49m [0m[38;5;249m"[0m[38;5
;249ml[0m[38;5;249mu[0m[38
;5;249mc[0m[38;5;249mi[0m[
38;5;249md[0m[38;5;249me[0m
[38;5;249m-[0m[38;5;249mr[
0m[38;5;249me[0m[38;5;249ma
[0m[38;5;249mc[0m[38;5;249
mt[0m[38;5;249m"[0m[38;5;2
49m;[0m
 [38;5;240m  Γöé[0m         
 ΓöÇΓöÇΓöÇΓöÇΓö¼ΓöÇΓöÇΓöÇ  
 [38;5;240m  Γöé[0m         
     Γò░ΓöÇΓöÇΓöÇΓöÇΓöÇ 
Missing export
[38;5;246mΓöÇΓöÇΓöÇΓò»[0m
[31m
    at aggregateBindingErrorsI
ntoJsError (file:///E:/suchith
ra/secureCMS-landingpg0/node_m
odules/rolldown/dist/shared/er
ror-BLhcSyeg.mjs:48:18)
    at unwrapBindingResult (fi
le:///E:/suchithra/secureCMS-l
andingpg0/node_modules/rolldow
n/dist/shared/error-BLhcSyeg.m
js:18:128)
    at #build (file:///E:/such
ithra/secureCMS-landingpg0/nod
e_modules/rolldown/dist/shared
/rolldown-build-CPrIX9V6.mjs:3
313:34)
    at async buildEnvironment 
(file:///E:/suchithra/secureCM
S-landingpg0/node_modules/vite
/dist/node/chunks/node.js:3284
9:64)
    at async Object.build (fil
e:///E:/suchithra/secureCMS-la
ndingpg0/node_modules/vite/dis
t/node/chunks/node.js:33271:19
)
    at async Object.buildApp (
file:///E:/suchithra/secureCMS
-landingpg0/node_modules/vite/
dist/node/chunks/node.js:33268
:153)
    at async CAC.<anonymous> (
file:///E:/suchithra/secureCMS
-landingpg0/node_modules/vite/
dist/node/cli.js:778:3) {
  errors: [Getter/Setter]
}[39m
